---
source: netlify/functions/image/src/main.rs
expression: hash
---
17044772264677079343
