---
source: netlify/functions/image/src/main.rs
expression: hash
---
7629681572413992135
