---
source: netlify/functions/image/src/main.rs
expression: hash
---
17160002092285158091
