---
source: netlify/functions/image/src/main.rs
expression: hash
---
13796959117466119709
